// Jest Snapshot v1, https://goo.gl/fbAQLP

exports[`Order component render with default state DATE 1`] = `
<div
  className="Order"
>
  <div
    className="Order-header"
  >
    <span
      className="Order-shop"
    >
      shop
    </span>
    <span>
      1 января, чт, 1970 год
    </span>
  </div>
  <div
    className="Order-items"
  >
    <div
      className="Order-item"
      key="0"
    >
      item1
    </div>
    <div
      className="Order-item"
      key="1"
    >
      item2
    </div>
    <div
      className="Order-item"
      key="2"
    >
      item3
    </div>
  </div>
</div>
`;
